// Jest Snapshot v1, https://goo.gl/fbAQLP

exports[`App renders correctly 1`] = `
<DocumentFragment>
  <div
    class="App"
  >
    <img
      alt="nasalogo"
      class="nasa-logo"
      src="https://cdn.cnn.com/cnnnext/dam/assets/200424060716-nasa-worm-logo.jpg"
    />
    <div
      class="Search"
    >
      <form
        class="search-form"
      >
        <input
          class="input-field"
          placeholder="type image name"
          type="text"
          value=""
        />
        <button
          class="search-button"
        >
          Go!
        </button>
      </form>
    </div>
  </div>
</DocumentFragment>
`;
