// Jest Snapshot v1, https://goo.gl/fbAQLP

exports[`Search renders correctly 1`] = `
<DocumentFragment>
  <div
    class="Search"
  >
    <form
      class="search-form"
    >
      <input
        class="input-field"
        placeholder="type image name"
        type="text"
        value=""
      />
      <button
        class="search-button"
      >
        Go!
      </button>
    </form>
  </div>
</DocumentFragment>
`;
