// Jest Snapshot v1, https://goo.gl/fbAQLP

exports[`SearchResults renders correctly to match snapshot 1`] = `
<DocumentFragment>
  <div
    class="SearchResults"
    data-testid="SearchResults"
  >
    <img
      alt="spaceImage"
      class="card-image"
      data-testid="card-image"
    />
  </div>
</DocumentFragment>
`;
